== step i: AB_SUMMARY.txt
== started  2026-10-10 04:27:54 
NWMLS level vs growth A/B summary - written 2026-10-10 04:27:55
========================================================================

STEP STATUS
------------------------------------------------------------------------
                  id                                         title
                  s0 NWMLS forecast caches from the newest vintage
                   a level baseline residential (TY2027 anchoring)
                   b          res_driver_audit on the level models
                   c                           stage growth inputs
                   d           growth baseline residential retrain
                  e1                     sensitivity, level models
                  e2                    sensitivity, growth models
                  f1                 growth optimistic residential
                  f2                growth pessimistic residential
                  g1                  level optimistic residential
                  g2                 level pessimistic residential
      h_com_baseline                com baseline (existing models)
    h_condo_baseline              condo baseline (existing models)
    h_com_optimistic              com optimistic (existing models)
  h_condo_optimistic            condo optimistic (existing models)
   h_com_pessimistic             com pessimistic (existing models)
 h_condo_pessimistic           condo pessimistic (existing models)
                   i                                AB_SUMMARY.txt
            status elapsed_min             started
                ok         0.1 2026-10-10 02:03:23
                ok        18.8 2026-10-10 02:03:29
                ok         2.1 2026-10-10 02:22:20
                ok         0.3 2026-10-10 02:24:25
            FAILED        54.3 2026-10-10 02:24:44
                ok        25.2 2026-10-10 03:19:00
 skipped (needs d)          NA                <NA>
 skipped (needs d)          NA                <NA>
 skipped (needs d)          NA                <NA>
                ok        18.0 2026-10-10 03:44:12
                ok        18.6 2026-10-10 04:02:10
            FAILED         1.2 2026-10-10 04:20:43
            FAILED         1.1 2026-10-10 04:21:58
            FAILED         1.1 2026-10-10 04:23:07
            FAILED         1.1 2026-10-10 04:24:16
            FAILED         1.2 2026-10-10 04:25:24
            FAILED         1.3 2026-10-10 04:26:33
           running          NA 2026-10-10 04:27:52

Total elapsed: 2.41 h
NWMLS FILE READ BY EACH RUN
------------------------------------------------------------------------
Vintage resolved for each scenario (s0):
    scenario                                            file vintage
    baseline    2026-06_nwmls_housing_forecast_baseline.xlsx 2026-06
  optimistic  2026-06_nwmls_housing_forecast_optimistic.xlsx 2026-06
 pessimistic 2026-06_nwmls_housing_forecast_pessimistic.xlsx 2026-06

data/cache NWMLS forecast cache, 12-month mean price, before vs after s0:
    scenario tax_yr prev_price_lag12 new_price_lag12 changed
    baseline   2026         988383.2        988383.2   FALSE
    baseline   2027         959309.7        959309.7   FALSE
    baseline   2028         945409.7        945409.7   FALSE
    baseline   2029         950109.7        950109.7   FALSE
    baseline   2030         967321.5        967321.5   FALSE
    baseline   2031         981477.0        981477.0   FALSE
  optimistic   2026         988383.2        988383.2   FALSE
  optimistic   2027         956452.8        956452.8   FALSE
  optimistic   2028         937465.9        937465.9   FALSE
  optimistic   2029         943118.9        943118.9   FALSE
  optimistic   2030         961586.7        961586.7   FALSE
  optimistic   2031         975730.1        975730.1   FALSE
 pessimistic   2026         988383.2        988383.2   FALSE
 pessimistic   2027         955693.9        955693.9   FALSE
 pessimistic   2028         917979.7        917979.7   FALSE
 pessimistic   2029         910663.5        910663.5   FALSE
 pessimistic   2030         927519.4        927519.4   FALSE
 pessimistic   2031         947716.0        947716.0   FALSE

  a                      no NWMLS read (used the cached NWMLS forecast / not applicable)
  b                      no NWMLS read (used the cached NWMLS forecast / not applicable)
  c                      no NWMLS read (used the cached NWMLS forecast / not applicable)
  d                      Reading NWMLS from Excel: 2026-06_nwmls_housing_forecast_baseline.xlsx (vintage 2026-06) | 💾 NWMLS forecast cached to: nwmls_fcst_2026_2031_baseline.rds
  e1                     Reading NWMLS from Excel: 2026-06_nwmls_housing_forecast_baseline.xlsx (vintage 2026-06)
  g1                     no NWMLS read (used the cached NWMLS forecast / not applicable)
  g2                     no NWMLS read (used the cached NWMLS forecast / not applicable)
  h_com_baseline         no NWMLS read (used the cached NWMLS forecast / not applicable)
  h_com_optimistic       no NWMLS read (used the cached NWMLS forecast / not applicable)
  h_com_pessimistic      no NWMLS read (used the cached NWMLS forecast / not applicable)
  h_condo_baseline       no NWMLS read (used the cached NWMLS forecast / not applicable)
  h_condo_optimistic     no NWMLS read (used the cached NWMLS forecast / not applicable)
  h_condo_pessimistic    no NWMLS read (used the cached NWMLS forecast / not applicable)
  i                      no NWMLS read (used the cached NWMLS forecast / not applicable)
  s0                     Reading NWMLS from Excel: 2026-06_nwmls_housing_forecast_baseline.xlsx (vintage 2026-06) | 💾 NWMLS forecast cached to: nwmls_fcst_2026_2031_baseline.rds | Reading NWMLS from Excel: 2026-06_nwmls_housing_forecast_optimistic.xlsx (vintage 2026-06) | 💾 NWMLS forecast cached to: nwmls_fcst_2026_2031_optimistic.rds | Reading NWMLS from Excel: 2026-06_nwmls_housing_forecast_pessimistic.xlsx (vintage 2026-06) | 💾 NWMLS forecast cached to: nwmls_fcst_2026_2031_pessimistic.rds

CV (rolling-CV RMSE, newest residential delta models)
------------------------------------------------------------------------
             model                            level_file level_mode  level_cv
 lgb_land_delta_cv lgb_land_delta_cv_20261010_011253.rds      level 0.1328136
 lgb_impr_delta_cv lgb_impr_delta_cv_20261010_012350.rds      level 0.4135928
                           growth_file growth_mode growth_cv pct_change
 lgb_land_delta_cv_20261010_024648.rds      growth 0.1310346      -1.34
 lgb_impr_delta_cv_20261010_025916.rds      growth 0.4158941       0.56

SENSITIVITY (NWMLS price x0.95 / x1.05 in forecast months)
------------------------------------------------------------------------
  level  : FAIL
 tax_yr total_av_minus5 total_av_base total_av_plus5 pct_minus5_vs_base
   2026         168.694       168.694        168.694              0.000
   2027         167.269       167.269        167.269              0.000
   2028         174.520       174.932        174.724             -0.235
   2029         181.523       182.344        181.932             -0.450
   2030         189.686       190.661        190.259             -0.511
   2031         198.428       199.445        199.060             -0.510
 pct_plus5_vs_base
             0.000
             0.000
            -0.119
            -0.226
            -0.211
            -0.193

  growth : n/a (step did not finish)

RESIDENTIAL TOTAL AV BY MODE ($B; pessimistic <= baseline in 2028-2031?)
------------------------------------------------------------------------
  level:
Key: <tax_yr>
 tax_yr baseline optimistic pessimistic pes_le_base
  <num>    <num>      <num>       <num>      <lgcl>
   2026  168.694    168.694     168.694        TRUE
   2027  167.269    167.269     167.269        TRUE
   2028  174.932    173.777     165.703        TRUE
   2029  182.344    181.206     172.641        TRUE
   2030  190.661    190.004     179.699        TRUE
   2031  199.445    199.296     187.690        TRUE

  growth:
    n/a
TY2027 ANCHORING COUNTS (residential)
------------------------------------------------------------------------
  level:
 land_actual impr_actual land_delta impr_delta    scenario
       <int>       <int>      <int>      <int>      <char>
      166330      160530          0          0    baseline
      166330      160530          0          0  optimistic
      166330      160530          0          0 pessimistic

  growth:
    n/a
DECISION RULE (NWMLS_GROWTH_DECISION.md)
------------------------------------------------------------------------
  1. Sensitivity (growth passes; level shown)   : n/a   [level: FAIL]
  2. Scenarios (growth pes <= base, 2028-2031)  : n/a   [level: PASS]
  3. CV (growth <= level + 3%, land and impr)   : PASS   [lgb_land_delta_cv -1.34%, lgb_impr_delta_cv 0.56%]
  4. Clean run                                   : n/a
       growth steps d/f1/f2 all ok: FAIL | NA counts = level: n/a | TY2027 anchoring = level: n/a | new warning lines: 1
       warnings in growth logs not seen in level logs:
         Warning in FUN(X[[i]], ...) : NAs introduced by coercion

  RULE: INCOMPLETE - some evidence missing; ship level unless resolved

Optimistic vs baseline is not judged (optimistic NWMLS price input is below baseline).
== finished  2026-10-10 04:30:22  status= ok 
